
[m/func1.go]
   1    package m
   2    
   3 +  func Func1() string {
   4 +      return "Func1"
   5 +  }
   6    
